AR seg7_decoder behavioral "C:/Users/Labcom9/Desktop/LAB7 - Sec3 - Group6 - Board/LAB7/seg7_decoder.vhd" sub00/vhpl03 1508151272
PH lab03_pack NULL "C:/Users/Labcom9/Desktop/LAB7 - Sec3 - Group6 - Board/LAB7/lab03_pack.vhd" sub00/vhpl00 1508151269
EN seg7_decoder NULL "C:/Users/Labcom9/Desktop/LAB7 - Sec3 - Group6 - Board/LAB7/seg7_decoder.vhd" sub00/vhpl02 1508151271
PB lab03_pack lab03_pack "C:/Users/Labcom9/Desktop/LAB7 - Sec3 - Group6 - Board/LAB7/lab03_pack.vhd" sub00/vhpl01 1508151270
