V3 3
FL C:/Users/ITreeMan/Desktop/Lab7/light_3pattern/light_pattern.vhd 2018/11/11.23:51:34 P.20131013
EN work/light_pattern 1541955326 \
      FL C:/Users/ITreeMan/Desktop/Lab7/light_3pattern/light_pattern.vhd \
      PB ieee/std_logic_1164 1381692176
AR work/light_pattern/Behavioral 1541955327 \
      FL C:/Users/ITreeMan/Desktop/Lab7/light_3pattern/light_pattern.vhd \
      EN work/light_pattern 1541955326
