AR seg7_decoder behavioral "C:/Users/ITreeMan/Documents/198371XML2018-1/Apply Digital/Lab6TBW/seg7_decoder.vhd" sub00/vhpl03 1540712337
PH lab03_pack NULL "C:/Users/ITreeMan/Documents/198371XML2018-1/Apply Digital/Lab6TBW/lab03_pack.vhd" sub00/vhpl00 1540712334
EN seg7_decoder NULL "C:/Users/ITreeMan/Documents/198371XML2018-1/Apply Digital/Lab6TBW/seg7_decoder.vhd" sub00/vhpl02 1540712336
PB lab03_pack lab03_pack "C:/Users/ITreeMan/Documents/198371XML2018-1/Apply Digital/Lab6TBW/lab03_pack.vhd" sub00/vhpl01 1540712335
